RSS start = 1800.3 MB ; total = 772425.8 MB
=== env_d3_control : bare-D3 vs env-D3(:exact_cluster:full) fork@1.6 -> 2.00, dt=0.020 ===
bare-D3 evolved to fork t=1.6 ; n=0.155540 (env-D2 ref 0.144802, ED 0.15558)
env-D3 JIT warmup = 1084.0 s

t     bare_D3      env_D3       env_D2       ED        wall_s     diag
1.60  0.155540     0.155540     0.144802     0.15558   -        

[138425] signal 15: Terminated
in expression starting at /data/djxg096/SquarePXPDynamics.jl/scripts/g0/env_d3_control.jl:114
pthread_cond_wait at /lib64/libpthread.so.0 (unknown line)
uv_cond_wait at /workspace/srcdir/libuv/src/unix/thread.c:822
ijl_task_get_next at /cache/build/builder-amdci5-3/julialang/julia-release-1-dot-12/src/scheduler.c:523
poptask at ./task.jl:1216
wait at ./task.jl:1228
#wait#398 at ./condition.jl:141
_trywait at ./asyncevent.jl:163
profile_printing_listener at ./Base.jl:332
#start_profile_listener##0 at ./Base.jl:352
jfptr_YY.start_profile_listenerYY.YY.0_6779.1 at /data/djxg096/.julia/juliaup/julia-1.12.5+0.x64.linux.gnu/lib/julia/sys.so (unknown line)
jl_apply at /cache/build/builder-amdci5-3/julialang/julia-release-1-dot-12/src/julia.h:2391 [inlined]
start_task at /cache/build/builder-amdci5-3/julialang/julia-release-1-dot-12/src/task.c:1252
unknown function (ip: (nil)) at (unknown file)
zgemm_kernel_n_SKYLAKEX at /data/djxg096/.julia/juliaup/julia-1.12.5+0.x64.linux.gnu/bin/../lib/julia/libopenblas64_.so (unknown line)
inner_thread at /data/djxg096/.julia/juliaup/julia-1.12.5+0.x64.linux.gnu/bin/../lib/julia/libopenblas64_.so (unknown line)
exec_blas at /data/djxg096/.julia/juliaup/julia-1.12.5+0.x64.linux.gnu/bin/../lib/julia/libopenblas64_.so (unknown line)
gemm_driver.isra.0 at /data/djxg096/.julia/juliaup/julia-1.12.5+0.x64.linux.gnu/bin/../lib/julia/libopenblas64_.so (unknown line)
zgemm_thread_nn at /data/djxg096/.julia/juliaup/julia-1.12.5+0.x64.linux.gnu/bin/../lib/julia/libopenblas64_.so (unknown line)
zgemm_64_ at /data/djxg096/.julia/juliaup/julia-1.12.5+0.x64.linux.gnu/bin/../lib/julia/libopenblas64_.so (unknown line)
gemm! at /cache/build/builder-amdci5-3/julialang/julia-release-1-dot-12/usr/share/julia/stdlib/v1.12/LinearAlgebra/src/blas.jl:1642
_threaded_blas_mul! at /localhome/djxg096/.julia/packages/Strided/Owqd4/src/linalg.jl:120
_mul! at /localhome/djxg096/.julia/packages/Strided/Owqd4/src/linalg.jl:104 [inlined]
mul! at /localhome/djxg096/.julia/packages/Strided/Owqd4/src/linalg.jl:70
_unsafe_blas_contract! at /localhome/djxg096/.julia/packages/TensorOperations/FjqJj/src/implementation/blascontract.jl:86
_blas_contract! at /localhome/djxg096/.julia/packages/TensorOperations/FjqJj/src/implementation/blascontract.jl:56
blas_contract! at /localhome/djxg096/.julia/packages/TensorOperations/FjqJj/src/implementation/blascontract.jl:19
stridedtensorcontract! at /localhome/djxg096/.julia/packages/TensorOperations/FjqJj/src/implementation/strided.jl:169
tensorcontract! at /localhome/djxg096/.julia/packages/TensorOperations/FjqJj/src/implementation/strided.jl:97
tensorcontract! at /localhome/djxg096/.julia/packages/TensorOperations/FjqJj/src/interface.jl:179
unknown function (ip: 0x7f0e9f6e6a69) at (unknown file)
#contracttree#114 at /localhome/djxg096/.julia/packages/TensorOperations/FjqJj/src/implementation/ncon.jl:68
contracttree at /localhome/djxg096/.julia/packages/TensorOperations/FjqJj/src/implementation/ncon.jl:55 [inlined]
#contracttree#114 at /localhome/djxg096/.julia/packages/TensorOperations/FjqJj/src/implementation/ncon.jl:60
contracttree at /localhome/djxg096/.julia/packages/TensorOperations/FjqJj/src/implementation/ncon.jl:55 [inlined]
#ncon#113 at /localhome/djxg096/.julia/packages/TensorOperations/FjqJj/src/implementation/ncon.jl:46
ncon at /localhome/djxg096/.julia/packages/TensorOperations/FjqJj/src/implementation/ncon.jl:25 [inlined]
ncon at /localhome/djxg096/.julia/packages/TensorOperations/FjqJj/src/implementation/ncon.jl:25 [inlined]
#build_star_bond_env#34 at /data/djxg096/SquarePXPDynamics.jl/scripts/g0/star_env.jl:245
build_star_bond_env at /data/djxg096/SquarePXPDynamics.jl/scripts/g0/star_env.jl:147
unknown function (ip: 0x7f0e5f11d6b4) at (unknown file)
#env_truncate_bond!#37 at /data/djxg096/SquarePXPDynamics.jl/scripts/g0/star_env.jl:409
env_truncate_bond! at /data/djxg096/SquarePXPDynamics.jl/scripts/g0/star_env.jl:360 [inlined]
#project_star_env!#38 at /data/djxg096/SquarePXPDynamics.jl/scripts/g0/star_env.jl:489
project_star_env! at /data/djxg096/SquarePXPDynamics.jl/scripts/g0/star_env.jl:466 [inlined]
#evolve_env_serial!#39 at /data/djxg096/SquarePXPDynamics.jl/scripts/g0/env_d3_control.jl:45
evolve_env_serial! at /data/djxg096/SquarePXPDynamics.jl/scripts/g0/env_d3_control.jl:37 [inlined]
main at /data/djxg096/SquarePXPDynamics.jl/scripts/g0/env_d3_control.jl:98
unknown function (ip: 0x7f0ef423f556) at (unknown file)
jl_apply at /cache/build/builder-amdci5-3/julialang/julia-release-1-dot-12/src/julia.h:2391 [inlined]
do_call at /cache/build/builder-amdci5-3/julialang/julia-release-1-dot-12/src/interpreter.c:123
eval_value at /cache/build/builder-amdci5-3/julialang/julia-release-1-dot-12/src/interpreter.c:243
eval_stmt_value at /cache/build/builder-amdci5-3/julialang/julia-release-1-dot-12/src/interpreter.c:194 [inlined]
eval_body at /cache/build/builder-amdci5-3/julialang/julia-release-1-dot-12/src/interpreter.c:707
jl_interpret_toplevel_thunk at /cache/build/builder-amdci5-3/julialang/julia-release-1-dot-12/src/interpreter.c:898
jl_toplevel_eval_flex at /cache/build/builder-amdci5-3/julialang/julia-release-1-dot-12/src/toplevel.c:1035
jl_toplevel_eval_flex at /cache/build/builder-amdci5-3/julialang/julia-release-1-dot-12/src/toplevel.c:975
ijl_toplevel_eval at /cache/build/builder-amdci5-3/julialang/julia-release-1-dot-12/src/toplevel.c:1047
ijl_toplevel_eval_in at /cache/build/builder-amdci5-3/julialang/julia-release-1-dot-12/src/toplevel.c:1092
eval at ./boot.jl:489
include_string at ./loading.jl:2870
_include at ./loading.jl:2930
include at ./Base.jl:306
exec_options at ./client.jl:317
_start at ./client.jl:550
jfptr__start_74358.1 at /data/djxg096/.julia/juliaup/julia-1.12.5+0.x64.linux.gnu/lib/julia/sys.so (unknown line)
jl_apply at /cache/build/builder-amdci5-3/julialang/julia-release-1-dot-12/src/julia.h:2391 [inlined]
true_main at /cache/build/builder-amdci5-3/julialang/julia-release-1-dot-12/src/jlapi.c:971
jl_repl_entrypoint at /cache/build/builder-amdci5-3/julialang/julia-release-1-dot-12/src/jlapi.c:1139
main at /cache/build/builder-amdci5-3/julialang/julia-release-1-dot-12/cli/loader_exe.c:58
__libc_start_main at /lib64/libc.so.6 (unknown line)
unknown function (ip: 0x4010b8) at /workspace/srcdir/glibc-2.17/csu/../sysdeps/x86_64/start.S
unknown function (ip: (nil)) at (unknown file)
Allocations: 1204366511 (Pool: 1204359242; Big: 7269); GC: 3237
