RSS at start = 1835.8 MB ; total mem = 772425.8 MB

[230049] signal 15: Terminated
in expression starting at /data/djxg096/SquarePXPDynamics.jl/scripts/g0/spike_n4_exact_cluster_bond.jl:391
_ZN4llvm11SlotIndexes20runOnMachineFunctionERNS_15MachineFunctionE at /data/djxg096/.julia/juliaup/julia-1.12.5+0.x64.linux.gnu/bin/../lib/julia/libLLVM.so.18.1jl (unknown line)
_ZN4llvm19MachineFunctionPass13runOnFunctionERNS_8FunctionE.part.0 at /data/djxg096/.julia/juliaup/julia-1.12.5+0.x64.linux.gnu/bin/../lib/julia/libLLVM.so.18.1jl (unknown line)
_ZN4llvm13FPPassManager13runOnFunctionERNS_8FunctionE at /data/djxg096/.julia/juliaup/julia-1.12.5+0.x64.linux.gnu/bin/../lib/julia/libLLVM.so.18.1jl (unknown line)
_ZN4llvm13FPPassManager11runOnModuleERNS_6ModuleE at /data/djxg096/.julia/juliaup/julia-1.12.5+0.x64.linux.gnu/bin/../lib/julia/libLLVM.so.18.1jl (unknown line)
_ZN4llvm6legacy15PassManagerImpl3runERNS_6ModuleE at /data/djxg096/.julia/juliaup/julia-1.12.5+0.x64.linux.gnu/bin/../lib/julia/libLLVM.so.18.1jl (unknown line)
_ZN4llvm3orc14SimpleCompilerclERNS_6ModuleE at /data/djxg096/.julia/juliaup/julia-1.12.5+0.x64.linux.gnu/bin/../lib/julia/libLLVM.so.18.1jl (unknown line)
operator() at /cache/build/builder-amdci5-3/julialang/julia-release-1-dot-12/src/jitlayers.cpp:1561
addModule at /cache/build/builder-amdci5-3/julialang/julia-release-1-dot-12/src/jitlayers.cpp:2044
jl_compile_codeinst_now at /cache/build/builder-amdci5-3/julialang/julia-release-1-dot-12/src/jitlayers.cpp:626
jl_compile_codeinst_impl at /cache/build/builder-amdci5-3/julialang/julia-release-1-dot-12/src/jitlayers.cpp:824
jl_compile_method_internal at /cache/build/builder-amdci5-3/julialang/julia-release-1-dot-12/src/gf.c:3528
_jl_invoke at /cache/build/builder-amdci5-3/julialang/julia-release-1-dot-12/src/gf.c:4006 [inlined]
ijl_apply_generic at /cache/build/builder-amdci5-3/julialang/julia-release-1-dot-12/src/gf.c:4214
#contracttree#114 at /localhome/djxg096/.julia/packages/TensorOperations/FjqJj/src/implementation/ncon.jl:68
contracttree at /localhome/djxg096/.julia/packages/TensorOperations/FjqJj/src/implementation/ncon.jl:55 [inlined]
#contracttree#114 at /localhome/djxg096/.julia/packages/TensorOperations/FjqJj/src/implementation/ncon.jl:60
contracttree at /localhome/djxg096/.julia/packages/TensorOperations/FjqJj/src/implementation/ncon.jl:55 [inlined]
#contracttree#114 at /localhome/djxg096/.julia/packages/TensorOperations/FjqJj/src/implementation/ncon.jl:60
contracttree at /localhome/djxg096/.julia/packages/TensorOperations/FjqJj/src/implementation/ncon.jl:55 [inlined]
#ncon#113 at /localhome/djxg096/.julia/packages/TensorOperations/FjqJj/src/implementation/ncon.jl:45
ncon at /localhome/djxg096/.julia/packages/TensorOperations/FjqJj/src/implementation/ncon.jl:25 [inlined]
ncon at /localhome/djxg096/.julia/packages/TensorOperations/FjqJj/src/implementation/ncon.jl:25 [inlined]
#_native_dense_state#10 at /data/djxg096/SquarePXPDynamics.jl/src/PEPSKitObservables.jl:504
_native_dense_state at /data/djxg096/SquarePXPDynamics.jl/src/PEPSKitObservables.jl:474 [inlined]
#exact_density_finite#20 at /data/djxg096/SquarePXPDynamics.jl/src/PEPSKitObservables.jl:545
exact_density_finite at /data/djxg096/SquarePXPDynamics.jl/src/PEPSKitObservables.jl:532 [inlined]
main at /data/djxg096/SquarePXPDynamics.jl/scripts/g0/spike_n4_exact_cluster_bond.jl:172
unknown function (ip: 0x7fe13943126f) at (unknown file)
jl_apply at /cache/build/builder-amdci5-3/julialang/julia-release-1-dot-12/src/julia.h:2391 [inlined]
do_call at /cache/build/builder-amdci5-3/julialang/julia-release-1-dot-12/src/interpreter.c:123
eval_value at /cache/build/builder-amdci5-3/julialang/julia-release-1-dot-12/src/interpreter.c:243
eval_stmt_value at /cache/build/builder-amdci5-3/julialang/julia-release-1-dot-12/src/interpreter.c:194 [inlined]
eval_body at /cache/build/builder-amdci5-3/julialang/julia-release-1-dot-12/src/interpreter.c:707
jl_interpret_toplevel_thunk at /cache/build/builder-amdci5-3/julialang/julia-release-1-dot-12/src/interpreter.c:898
jl_toplevel_eval_flex at /cache/build/builder-amdci5-3/julialang/julia-release-1-dot-12/src/toplevel.c:1035
jl_toplevel_eval_flex at /cache/build/builder-amdci5-3/julialang/julia-release-1-dot-12/src/toplevel.c:975
ijl_toplevel_eval at /cache/build/builder-amdci5-3/julialang/julia-release-1-dot-12/src/toplevel.c:1047
ijl_toplevel_eval_in at /cache/build/builder-amdci5-3/julialang/julia-release-1-dot-12/src/toplevel.c:1092
eval at ./boot.jl:489
include_string at ./loading.jl:2870
_include at ./loading.jl:2930
include at ./Base.jl:306
exec_options at ./client.jl:317
_start at ./client.jl:550
jfptr__start_74358.1 at /data/djxg096/.julia/juliaup/julia-1.12.5+0.x64.linux.gnu/lib/julia/sys.so (unknown line)
jl_apply at /cache/build/builder-amdci5-3/julialang/julia-release-1-dot-12/src/julia.h:2391 [inlined]
true_main at /cache/build/builder-amdci5-3/julialang/julia-release-1-dot-12/src/jlapi.c:971
jl_repl_entrypoint at /cache/build/builder-amdci5-3/julialang/julia-release-1-dot-12/src/jlapi.c:1139
main at /cache/build/builder-amdci5-3/julialang/julia-release-1-dot-12/cli/loader_exe.c:58
__libc_start_main at /lib64/libc.so.6 (unknown line)
unknown function (ip: 0x4010b8) at /workspace/srcdir/glibc-2.17/csu/../sysdeps/x86_64/start.S
unknown function (ip: (nil)) at (unknown file)
Allocations: 453037766 (Pool: 453034462; Big: 3304); GC: 63
