
========== D = 2 ==========
t     n_frozen   n_ED       max|dn_trunc| rms|dn_trunc| max|dn_gate|
1.6   0.142994   0.100560   6.1895e-05   3.8329e-05   1.0682e-03  
1.8   0.434205   0.155577   5.3796e-04   3.3417e-04   9.2374e-04  
2.0   0.390293   0.243701   4.9929e-04   3.0565e-04   1.1686e-03  
2.2   0.317511   0.337345   4.9913e-04   2.5728e-04   1.2414e-03  

========== D = 4 ==========
t     n_frozen   n_ED       max|dn_trunc| rms|dn_trunc| max|dn_gate|
1.6   0.146146   0.100560   5.2623e-06   2.4478e-06   1.0733e-03  

[226411] signal 15: Terminated
in expression starting at /data/djxg096/SquarePXPDynamics.jl/scripts/g0/frozen_step_diagnostic.jl:80
pthread_cond_wait at /lib64/libpthread.so.0 (unknown line)
uv_cond_wait at /workspace/srcdir/libuv/src/unix/thread.c:822
ijl_task_get_next at /cache/build/builder-amdci5-3/julialang/julia-release-1-dot-12/src/scheduler.c:523
poptask at ./task.jl:1216
wait at ./task.jl:1228
#wait#398 at ./condition.jl:141
_trywait at ./asyncevent.jl:163
profile_printing_listener at ./Base.jl:332
#start_profile_listener##0 at ./Base.jl:352
jfptr_YY.start_profile_listenerYY.YY.0_6779.1 at /data/djxg096/.julia/juliaup/julia-1.12.5+0.x64.linux.gnu/lib/julia/sys.so (unknown line)
jl_apply at /cache/build/builder-amdci5-3/julialang/julia-release-1-dot-12/src/julia.h:2391 [inlined]
start_task at /cache/build/builder-amdci5-3/julialang/julia-release-1-dot-12/src/task.c:1252
unknown function (ip: (nil)) at (unknown file)
unknown function (ip: 0x7f6c0c925650) at /data/djxg096/.julia/juliaup/julia-1.12.5+0.x64.linux.gnu/bin/../lib/julia/libjulia-internal.so.1.12
jl_f__apply_iterate at /cache/build/builder-amdci5-3/julialang/julia-release-1-dot-12/src/builtins.c:736
_ntuple at ./ntuple.jl:39
ntuple at ./ntuple.jl:19 [inlined]
rest at ./tuple.jl:208 [inlined]
_piterate1 at ./iterators.jl:1157
unknown function (ip: 0x7f6b6d73c356) at (unknown file)
_piterate1 at ./iterators.jl:1161 [inlined]
iterate at ./iterators.jl:1171
unknown function (ip: 0x7f6b6d73ba16) at (unknown file)
_local_expectation_from_state at /data/djxg096/SquarePXPDynamics.jl/src/Observables.jl:751
unknown function (ip: 0x7f6b6d740b81) at (unknown file)
#exact_density_finite#20 at /data/djxg096/SquarePXPDynamics.jl/src/PEPSKitObservables.jl:550
exact_density_finite at /data/djxg096/SquarePXPDynamics.jl/src/PEPSKitObservables.jl:532 [inlined]
run_D at /data/djxg096/SquarePXPDynamics.jl/scripts/g0/frozen_step_diagnostic.jl:67
top-level scope at /data/djxg096/SquarePXPDynamics.jl/scripts/g0/frozen_step_diagnostic.jl:81
jl_toplevel_eval_flex at /cache/build/builder-amdci5-3/julialang/julia-release-1-dot-12/src/toplevel.c:1024
jl_toplevel_eval_flex at /cache/build/builder-amdci5-3/julialang/julia-release-1-dot-12/src/toplevel.c:975
ijl_toplevel_eval at /cache/build/builder-amdci5-3/julialang/julia-release-1-dot-12/src/toplevel.c:1047
ijl_toplevel_eval_in at /cache/build/builder-amdci5-3/julialang/julia-release-1-dot-12/src/toplevel.c:1092
eval at ./boot.jl:489
include_string at ./loading.jl:2870
_include at ./loading.jl:2930
include at ./Base.jl:306
exec_options at ./client.jl:317
_start at ./client.jl:550
jfptr__start_74358.1 at /data/djxg096/.julia/juliaup/julia-1.12.5+0.x64.linux.gnu/lib/julia/sys.so (unknown line)
jl_apply at /cache/build/builder-amdci5-3/julialang/julia-release-1-dot-12/src/julia.h:2391 [inlined]
true_main at /cache/build/builder-amdci5-3/julialang/julia-release-1-dot-12/src/jlapi.c:971
jl_repl_entrypoint at /cache/build/builder-amdci5-3/julialang/julia-release-1-dot-12/src/jlapi.c:1139
main at /cache/build/builder-amdci5-3/julialang/julia-release-1-dot-12/cli/loader_exe.c:58
__libc_start_main at /lib64/libc.so.6 (unknown line)
unknown function (ip: 0x4010b8) at /workspace/srcdir/glibc-2.17/csu/../sysdeps/x86_64/start.S
unknown function (ip: (nil)) at (unknown file)
Allocations: 21286768487 (Pool: 21286764268; Big: 4219); GC: 7798
