
===== native D=3, dt=0.02, rel_floor=0 =====
t     n_native   n_ED      delta     chunk_trnerr wall_s  
0.1   0.495017   -         -         3.9263e-05   111.1   
0.2   0.480265   0.48027   +0.00000  3.1896e-04   5.7     
0.3   0.456334   -         -         2.9878e-04   5.8     
0.4   0.424179   0.42418   +0.00000  2.5728e-04   5.4     
0.5   0.385097   -         -         2.1092e-04   6.0     
0.6   0.340708   0.34071   +0.00000  1.6609e-04   5.7     
0.7   0.292972   -         -         1.4090e-04   5.9     
0.8   0.244241   0.24425   -0.00001  1.8748e-04   5.7     
0.9   0.197324   -         -         3.1300e-04   6.1     
1.0   0.155465   0.15549   -0.00003  4.8092e-04   5.9     
1.1   0.122127   -         -         6.2373e-04   5.6     
1.2   0.100532   0.10057   -0.00004  6.3159e-04   5.7     
1.3   0.093035   -         -         4.6513e-04   6.2     
1.4   0.100555   0.10056   -0.00001  2.3855e-04   5.9     
1.5   0.122236   -         -         1.3688e-04   5.7     
1.6   0.155540   0.15558   -0.00004  1.9752e-04   5.8     
1.7   0.196821   -         -         2.5112e-04   5.8     
1.8   0.242190   0.24370   -0.00151  3.1021e-04   6.0     
1.9   0.288268   -         -         3.6328e-04   5.7     
2.0   0.332481   0.33735   -0.00486  4.4655e-04   6.0     
2.1   0.372943   -         -         5.4291e-04   5.7     
2.2   0.408165   0.41600   -0.00783  6.5591e-04   6.1     
2.3   0.436758   -         -         7.8854e-04   5.9     
2.4   0.457210   0.46696   -0.00975  9.4202e-04   6.1     
2.5   0.467830   -         -         1.1164e-03   5.6     
2.6   0.466839   0.48306   -0.01622  1.3138e-03   5.8     
2.7   0.452853   -         -         1.5595e-03   6.1     
2.8   0.425843   0.46230   -0.03645  1.8573e-03   5.6     
2.9   0.388074   -         -         2.2447e-03   5.8     
3.0   0.344064   0.40822   -0.06416  2.6815e-03   6.0     
SUMMARY D=3 dt=0.02: trajectory RMS(0.2-grid)=1.982e-02  max|delta|=6.416e-02

===== native D=3, dt=0.01, rel_floor=0 =====
t     n_native   n_ED      delta     chunk_trnerr wall_s  
0.1   0.495017   -         -         3.4989e-05   9.0     
0.2   0.480265   0.48027   +0.00000  1.7189e-04   12.0    
0.3   0.456334   -         -         1.6046e-04   10.8    
0.4   0.424179   0.42418   +0.00000  1.3153e-04   12.1    
0.5   0.385097   -         -         1.0720e-04   10.8    
0.6   0.340708   0.34071   +0.00000  8.7422e-05   12.0    
0.7   0.292972   -         -         7.0508e-05   12.1    
0.8   0.244242   0.24425   -0.00000  9.0614e-05   10.5    
0.9   0.197324   -         -         1.8665e-04   12.0    
1.0   0.155465   0.15549   -0.00003  2.9393e-04   10.9    
1.1   0.122125   -         -         3.4081e-04   12.5    
1.2   0.100528   0.10057   -0.00005  3.1948e-04   12.0    
1.3   0.093028   -         -         2.1629e-04   10.7    
1.4   0.100540   0.10056   -0.00002  1.1571e-04   9.8     
1.5   0.122206   -         -         7.3472e-05   10.8    
1.6   0.155493   0.15558   -0.00008  1.0446e-04   10.9    
1.7   0.196753   -         -         1.3227e-04   11.2    
1.8   0.242101   0.24370   -0.00160  1.6126e-04   459.2   
1.9   0.288159   -         -         1.8702e-04   11.3    
2.0   0.332353   0.33735   -0.00499  2.2640e-04   10.6    
2.1   0.372799   -         -         2.7474e-04   11.8    
2.2   0.408010   0.41600   -0.00799  3.3165e-04   11.9    
2.3   0.436589   -         -         3.9870e-04   11.1    
2.4   0.457019   0.46696   -0.00994  4.7661e-04   18.2    
2.5   0.467586   -         -         5.6569e-04   12.1    
2.6   0.466486   0.48306   -0.01657  6.6760e-04   11.9    
2.7   0.452303   -         -         8.0400e-04   11.1    
2.8   0.425008   0.46230   -0.03729  9.6029e-04   12.0    
2.9   0.386922   -         -         1.1544e-03   11.4    
3.0   0.342702   0.40822   -0.06552  1.4071e-03   12.8    
SUMMARY D=3 dt=0.01: trajectory RMS(0.2-grid)=2.025e-02  max|delta|=6.552e-02

===== native D=4, dt=0.02, rel_floor=0 =====
t     n_native   n_ED      delta     chunk_trnerr wall_s  
0.1   0.495017   -         -         0.0000e+00   4.6     
0.2   0.480265   0.48027   -0.00000  9.2747e-05   10.4    
0.3   0.456334   -         -         1.3961e-04   13.0    
0.4   0.424179   0.42418   +0.00000  3.1623e-05   14.0    
0.5   0.385097   -         -         5.9945e-05   13.3    
0.6   0.340708   0.34071   +0.00000  1.3564e-04   30.7    
0.7   0.292974   -         -         2.5681e-04   13.4    
0.8   0.244251   0.24425   +0.00000  2.8149e-04   13.3    
0.9   0.197352   -         -         2.0885e-04   19.5    
1.0   0.155516   0.15549   +0.00002  1.5831e-04   13.0    
1.1   0.122200   -         -         1.4044e-04   12.7    
1.2   0.100613   0.10057   +0.00004  1.4076e-04   14.2    
1.3   0.093092   -         -         1.4491e-04   13.7    
1.4   0.100520   0.10056   -0.00004  1.5217e-04   43.8    
1.5   0.122032   -         -         1.7925e-04   19.3    
1.6   0.155136   0.15558   -0.00044  3.1190e-04   25.4    
1.7   0.196237   -         -         6.2333e-04   38.5    
1.8   0.241478   0.24370   -0.00222  9.2686e-04   18.5    
1.9   0.287589   -         -         9.7415e-04   13.1    
2.0   0.332193   0.33735   -0.00515  9.1394e-04   27.6    
2.1   0.373513   -         -         1.1429e-03   39.5    
2.2   0.409863   0.41600   -0.00614  1.6952e-03   47.9    
2.3   0.439552   -         -         2.5458e-03   47.5    
2.4   0.461088   0.46696   -0.00587  3.6169e-03   75.2    
2.5   0.473199   -         -         4.8051e-03   82.3    
2.6   0.474848   0.48306   -0.00821  5.2549e-03   64.9    
2.7   0.465369   -         -         5.9703e-03   82.5    
2.8   0.444568   0.46230   -0.01773  7.1590e-03   62.1    
2.9   0.412850   -         -         8.5281e-03   147.2   
3.0   0.371731   0.40822   -0.03649  9.9463e-03   84.8    
SUMMARY D=4 dt=0.02: trajectory RMS(0.2-grid)=1.101e-02  max|delta|=3.649e-02

DONE
