RSS start = 1824.0 MB ; total = 772425.8 MB

=== bare D=2 to onset t=1.6 (rel_floor=0) ===
t     n_bare     n_ED     
0.1   0.495017   -        
0.2   0.480265   -        
0.3   0.456334   -        
0.4   0.424179   -        
0.5   0.385096   -        
0.6   0.340709   -        
0.7   0.292985   -        
0.8   0.244287   -        
0.9   0.197427   -        
1.0   0.155616   -        
1.1   0.122222   -        
1.2   0.100278   -        
1.3   0.091866   -        
1.4   0.097591   -        
1.5   0.116196   -        
1.6   0.144802   0.15558  

--- warming env-build JIT (one throwaway project_star_env!) ---
warmup wall = 147.6 s

=== ONSET INTERVENTION: bare vs env (:exact_cluster,:full) from t=1.6 ===
t     n_bare      n_env       n_ED      n_D3D4    maxcond   wall_s   
1.6   0.144802    0.144802    0.15558   0.14615   -         -        
1.7   0.402686    0.180521    -         -         Inf       1721.3     [minkept=2 nfb=0 finite=true]
1.8   0.428149    0.223205    0.24370   0.23363   Inf       1970.9     [minkept=2 nfb=0 finite=true]
1.9   0.409874    0.269771    -         -         Inf       1834.3     [minkept=2 nfb=0 finite=true]
2.0   0.382919    0.316522    0.33735   0.32746   Inf       2003.9     [minkept=2 nfb=0 finite=true]

===== VERDICT (spike anchor t=1.8) =====
Read the t=1.8 row above:
  bare ~0.43 (the +0.18 overshoot vs true ED 0.244) is the disease.
  D=3/D=4 = 0.234 (ED-tracking) is the cure-by-bond-dim TARGET.
  env near 0.234 / 0.244 => loop-carrying environment substitutes for bond dim
                            => engine works => commit to full from-t=0 trajectory.
  env still ~0.43        => environment does NOT fix the D=2 instability.
RSS peak = 7716.4 MB
DONE
┌ Warning: FET cancel   50: fid = 9.99999585e-01, Δfid = 6.77236045e-15, |Δs| = 3.512527e-08, time = 0.0693 s
└ @ PEPSKit ~/.julia/packages/PEPSKit/zz9BS/src/algorithms/truncation/fullenv_truncation.jl:277
┌ Warning: FET cancel   50: fid = 9.99999431e-01, Δfid = 3.77475828e-15, |Δs| = 1.907255e-08, time = 0.0770 s
└ @ PEPSKit ~/.julia/packages/PEPSKit/zz9BS/src/algorithms/truncation/fullenv_truncation.jl:277
┌ Warning: FET cancel   50: fid = 9.99999638e-01, Δfid = 7.21644966e-15, |Δs| = 2.668485e-08, time = 0.0613 s
└ @ PEPSKit ~/.julia/packages/PEPSKit/zz9BS/src/algorithms/truncation/fullenv_truncation.jl:277
┌ Warning: FET cancel   50: fid = 9.99999541e-01, Δfid = 2.22044605e-14, |Δs| = 7.126511e-08, time = 0.0780 s
└ @ PEPSKit ~/.julia/packages/PEPSKit/zz9BS/src/algorithms/truncation/fullenv_truncation.jl:277
[ Info: FET conv   50: fid = 9.99999674e-01, Δfid = -8.88178420e-16, |Δs| = 1.057488e-08, time = 0.0882 s
┌ Warning: FET cancel   50: fid = 9.99999612e-01, Δfid = 7.21644966e-15, |Δs| = 2.418381e-08, time = 0.0813 s
└ @ PEPSKit ~/.julia/packages/PEPSKit/zz9BS/src/algorithms/truncation/fullenv_truncation.jl:277
┌ Warning: FET cancel   50: fid = 9.99999806e-01, Δfid = 1.99840144e-15, |Δs| = 3.743996e-08, time = 0.0758 s
└ @ PEPSKit ~/.julia/packages/PEPSKit/zz9BS/src/algorithms/truncation/fullenv_truncation.jl:277
┌ Warning: FET cancel   50: fid = 9.99999800e-01, Δfid = 2.33146835e-15, |Δs| = 2.890491e-08, time = 0.0802 s
└ @ PEPSKit ~/.julia/packages/PEPSKit/zz9BS/src/algorithms/truncation/fullenv_truncation.jl:277
┌ Warning: FET cancel   50: fid = 9.99999731e-01, Δfid = 1.52766688e-12, |Δs| = 3.455026e-07, time = 0.0593 s
└ @ PEPSKit ~/.julia/packages/PEPSKit/zz9BS/src/algorithms/truncation/fullenv_truncation.jl:277
┌ Warning: FET cancel   50: fid = 9.99999561e-01, Δfid = 1.55431223e-15, |Δs| = 3.091649e-08, time = 0.0584 s
└ @ PEPSKit ~/.julia/packages/PEPSKit/zz9BS/src/algorithms/truncation/fullenv_truncation.jl:277
┌ Warning: FET cancel   50: fid = 9.99999368e-01, Δfid = 1.77635684e-15, |Δs| = 6.310948e-09, time = 0.0548 s
└ @ PEPSKit ~/.julia/packages/PEPSKit/zz9BS/src/algorithms/truncation/fullenv_truncation.jl:277
┌ Warning: FET cancel   50: fid = 9.99999477e-01, Δfid = 3.10862447e-15, |Δs| = 2.384158e-09, time = 0.0765 s
└ @ PEPSKit ~/.julia/packages/PEPSKit/zz9BS/src/algorithms/truncation/fullenv_truncation.jl:277
┌ Warning: FET cancel   50: fid = 9.99999685e-01, Δfid = 5.89528426e-14, |Δs| = 1.381433e-07, time = 0.0736 s
└ @ PEPSKit ~/.julia/packages/PEPSKit/zz9BS/src/algorithms/truncation/fullenv_truncation.jl:277
┌ Warning: FET cancel   50: fid = 9.99999716e-01, Δfid = 1.01585407e-13, |Δs| = 9.790510e-08, time = 0.0547 s
└ @ PEPSKit ~/.julia/packages/PEPSKit/zz9BS/src/algorithms/truncation/fullenv_truncation.jl:277
┌ Warning: FET cancel   50: fid = 9.99999819e-01, Δfid = 5.06261699e-14, |Δs| = 1.625677e-07, time = 0.0735 s
└ @ PEPSKit ~/.julia/packages/PEPSKit/zz9BS/src/algorithms/truncation/fullenv_truncation.jl:277
┌ Warning: FET cancel   50: fid = 9.99999568e-01, Δfid = 7.54951657e-15, |Δs| = 2.868306e-08, time = 0.0732 s
└ @ PEPSKit ~/.julia/packages/PEPSKit/zz9BS/src/algorithms/truncation/fullenv_truncation.jl:277
┌ Warning: FET cancel   50: fid = 9.99999660e-01, Δfid = 3.34177130e-14, |Δs| = 7.268744e-08, time = 0.0668 s
└ @ PEPSKit ~/.julia/packages/PEPSKit/zz9BS/src/algorithms/truncation/fullenv_truncation.jl:277
┌ Warning: FET cancel   50: fid = 9.99999828e-01, Δfid = 1.39888101e-14, |Δs| = 6.631039e-08, time = 0.0735 s
└ @ PEPSKit ~/.julia/packages/PEPSKit/zz9BS/src/algorithms/truncation/fullenv_truncation.jl:277
┌ Warning: FET cancel   50: fid = 9.99999780e-01, Δfid = 6.99440506e-14, |Δs| = 2.188457e-09, time = 0.0577 s
└ @ PEPSKit ~/.julia/packages/PEPSKit/zz9BS/src/algorithms/truncation/fullenv_truncation.jl:277
┌ Warning: FET cancel   50: fid = 9.99999604e-01, Δfid = 4.36273240e-12, |Δs| = 4.635132e-07, time = 0.0630 s
└ @ PEPSKit ~/.julia/packages/PEPSKit/zz9BS/src/algorithms/truncation/fullenv_truncation.jl:277
┌ Warning: FET cancel   50: fid = 9.99999854e-01, Δfid = 4.42978987e-14, |Δs| = 1.480836e-07, time = 0.0645 s
└ @ PEPSKit ~/.julia/packages/PEPSKit/zz9BS/src/algorithms/truncation/fullenv_truncation.jl:277
┌ Warning: FET cancel   50: fid = 9.99999334e-01, Δfid = 8.61533067e-14, |Δs| = 6.001989e-09, time = 0.0833 s
└ @ PEPSKit ~/.julia/packages/PEPSKit/zz9BS/src/algorithms/truncation/fullenv_truncation.jl:277
┌ Warning: FET cancel   50: fid = 9.99999702e-01, Δfid = 4.46531701e-13, |Δs| = 2.785235e-07, time = 0.0837 s
└ @ PEPSKit ~/.julia/packages/PEPSKit/zz9BS/src/algorithms/truncation/fullenv_truncation.jl:277
┌ Warning: FET cancel   50: fid = 9.99999717e-01, Δfid = 2.48689958e-14, |Δs| = 8.320452e-08, time = 0.0859 s
└ @ PEPSKit ~/.julia/packages/PEPSKit/zz9BS/src/algorithms/truncation/fullenv_truncation.jl:277
┌ Warning: FET cancel   50: fid = 9.99999716e-01, Δfid = 5.44009282e-15, |Δs| = 2.999241e-08, time = 0.0872 s
└ @ PEPSKit ~/.julia/packages/PEPSKit/zz9BS/src/algorithms/truncation/fullenv_truncation.jl:277
┌ Warning: FET cancel   50: fid = 9.99999602e-01, Δfid = 3.44169138e-15, |Δs| = 2.609182e-08, time = 0.0952 s
└ @ PEPSKit ~/.julia/packages/PEPSKit/zz9BS/src/algorithms/truncation/fullenv_truncation.jl:277
┌ Warning: FET cancel   50: fid = 9.99999670e-01, Δfid = 1.40998324e-14, |Δs| = 2.262716e-08, time = 0.0623 s
└ @ PEPSKit ~/.julia/packages/PEPSKit/zz9BS/src/algorithms/truncation/fullenv_truncation.jl:277
┌ Warning: FET cancel   50: fid = 9.99998421e-01, Δfid = 1.58761893e-14, |Δs| = 6.965392e-08, time = 0.0559 s
└ @ PEPSKit ~/.julia/packages/PEPSKit/zz9BS/src/algorithms/truncation/fullenv_truncation.jl:277
┌ Warning: FET cancel   50: fid = 9.99999864e-01, Δfid = 1.37667655e-14, |Δs| = 5.875016e-08, time = 0.0812 s
└ @ PEPSKit ~/.julia/packages/PEPSKit/zz9BS/src/algorithms/truncation/fullenv_truncation.jl:277
┌ Warning: FET cancel   50: fid = 9.99999809e-01, Δfid = 2.39808173e-14, |Δs| = 8.431226e-08, time = 0.0691 s
└ @ PEPSKit ~/.julia/packages/PEPSKit/zz9BS/src/algorithms/truncation/fullenv_truncation.jl:277
┌ Warning: FET cancel   50: fid = 9.99999694e-01, Δfid = 4.59632332e-14, |Δs| = 2.355238e-08, time = 0.0551 s
└ @ PEPSKit ~/.julia/packages/PEPSKit/zz9BS/src/algorithms/truncation/fullenv_truncation.jl:277
┌ Warning: FET cancel   50: fid = 9.99999882e-01, Δfid = 9.10382880e-15, |Δs| = 5.733625e-08, time = 0.0803 s
└ @ PEPSKit ~/.julia/packages/PEPSKit/zz9BS/src/algorithms/truncation/fullenv_truncation.jl:277
┌ Warning: FET cancel   50: fid = 9.99999726e-01, Δfid = 8.90176821e-13, |Δs| = 4.591495e-07, time = 0.0753 s
└ @ PEPSKit ~/.julia/packages/PEPSKit/zz9BS/src/algorithms/truncation/fullenv_truncation.jl:277
[ Info: FET conv   50: fid = 9.99999983e-01, Δfid = -1.11022302e-16, |Δs| = 1.492955e-08, time = 0.0735 s
┌ Warning: FET cancel   50: fid = 9.99999760e-01, Δfid = 6.10622664e-15, |Δs| = 4.161142e-08, time = 0.0770 s
└ @ PEPSKit ~/.julia/packages/PEPSKit/zz9BS/src/algorithms/truncation/fullenv_truncation.jl:277
┌ Warning: FET cancel   50: fid = 9.99999632e-01, Δfid = 6.99440506e-15, |Δs| = 3.249375e-08, time = 0.0786 s
└ @ PEPSKit ~/.julia/packages/PEPSKit/zz9BS/src/algorithms/truncation/fullenv_truncation.jl:277
┌ Warning: FET cancel   50: fid = 9.99999723e-01, Δfid = 4.19331236e-13, |Δs| = 3.909979e-07, time = 0.1126 s
└ @ PEPSKit ~/.julia/packages/PEPSKit/zz9BS/src/algorithms/truncation/fullenv_truncation.jl:277
┌ Warning: FET cancel   50: fid = 9.99999726e-01, Δfid = 1.58761893e-14, |Δs| = 4.050150e-08, time = 0.0662 s
└ @ PEPSKit ~/.julia/packages/PEPSKit/zz9BS/src/algorithms/truncation/fullenv_truncation.jl:277
┌ Warning: FET cancel   50: fid = 9.99999696e-01, Δfid = 6.68354261e-14, |Δs| = 6.657029e-08, time = 0.0832 s
└ @ PEPSKit ~/.julia/packages/PEPSKit/zz9BS/src/algorithms/truncation/fullenv_truncation.jl:277
┌ Warning: FET cancel   50: fid = 9.99997967e-01, Δfid = 3.54161145e-14, |Δs| = 4.064380e-08, time = 0.0717 s
└ @ PEPSKit ~/.julia/packages/PEPSKit/zz9BS/src/algorithms/truncation/fullenv_truncation.jl:277
┌ Warning: FET cancel   50: fid = 9.99999876e-01, Δfid = 5.02931030e-14, |Δs| = 1.343972e-07, time = 0.0847 s
└ @ PEPSKit ~/.julia/packages/PEPSKit/zz9BS/src/algorithms/truncation/fullenv_truncation.jl:277
┌ Warning: FET cancel   50: fid = 9.99999638e-01, Δfid = 1.44884105e-13, |Δs| = 2.585254e-08, time = 0.1000 s
└ @ PEPSKit ~/.julia/packages/PEPSKit/zz9BS/src/algorithms/truncation/fullenv_truncation.jl:277
┌ Warning: FET cancel   50: fid = 9.99997900e-01, Δfid = 2.63122857e-14, |Δs| = 8.659601e-08, time = 0.0722 s
└ @ PEPSKit ~/.julia/packages/PEPSKit/zz9BS/src/algorithms/truncation/fullenv_truncation.jl:277
┌ Warning: FET cancel   50: fid = 9.99999569e-01, Δfid = 3.44169138e-15, |Δs| = 1.728728e-08, time = 0.0780 s
└ @ PEPSKit ~/.julia/packages/PEPSKit/zz9BS/src/algorithms/truncation/fullenv_truncation.jl:277
┌ Warning: FET cancel   50: fid = 9.99999306e-01, Δfid = 1.11022302e-14, |Δs| = 3.120042e-10, time = 0.0662 s
└ @ PEPSKit ~/.julia/packages/PEPSKit/zz9BS/src/algorithms/truncation/fullenv_truncation.jl:277
[ Info: FET conv   50: fid = 9.99999132e-01, Δfid = -1.77635684e-15, |Δs| = 9.541292e-09, time = 0.0689 s
┌ Warning: FET cancel   50: fid = 9.99999761e-01, Δfid = 1.50990331e-14, |Δs| = 5.289144e-08, time = 0.0660 s
└ @ PEPSKit ~/.julia/packages/PEPSKit/zz9BS/src/algorithms/truncation/fullenv_truncation.jl:277
┌ Warning: FET cancel   50: fid = 9.99999426e-01, Δfid = 1.77635684e-15, |Δs| = 1.345179e-09, time = 0.0599 s
└ @ PEPSKit ~/.julia/packages/PEPSKit/zz9BS/src/algorithms/truncation/fullenv_truncation.jl:277
┌ Warning: FET cancel   50: fid = 9.99999111e-01, Δfid = 4.44089210e-15, |Δs| = 2.685567e-08, time = 0.0515 s
└ @ PEPSKit ~/.julia/packages/PEPSKit/zz9BS/src/algorithms/truncation/fullenv_truncation.jl:277
┌ Warning: FET cancel   50: fid = 9.99999718e-01, Δfid = 5.59552404e-14, |Δs| = 4.844285e-08, time = 0.0516 s
└ @ PEPSKit ~/.julia/packages/PEPSKit/zz9BS/src/algorithms/truncation/fullenv_truncation.jl:277
┌ Warning: FET cancel   50: fid = 9.99997620e-01, Δfid = 2.28372876e-13, |Δs| = 2.669788e-07, time = 0.0709 s
└ @ PEPSKit ~/.julia/packages/PEPSKit/zz9BS/src/algorithms/truncation/fullenv_truncation.jl:277
┌ Warning: FET cancel   50: fid = 9.99999768e-01, Δfid = 2.88657986e-15, |Δs| = 2.651567e-08, time = 0.0593 s
└ @ PEPSKit ~/.julia/packages/PEPSKit/zz9BS/src/algorithms/truncation/fullenv_truncation.jl:277
┌ Warning: FET cancel   50: fid = 9.99999823e-01, Δfid = 8.54871729e-15, |Δs| = 4.678930e-08, time = 0.0514 s
└ @ PEPSKit ~/.julia/packages/PEPSKit/zz9BS/src/algorithms/truncation/fullenv_truncation.jl:277
┌ Warning: FET cancel   50: fid = 9.99999580e-01, Δfid = 7.58060281e-13, |Δs| = 2.871056e-07, time = 0.0611 s
└ @ PEPSKit ~/.julia/packages/PEPSKit/zz9BS/src/algorithms/truncation/fullenv_truncation.jl:277
┌ Warning: FET cancel   50: fid = 9.99999671e-01, Δfid = 2.16826557e-13, |Δs| = 1.216548e-08, time = 0.0523 s
└ @ PEPSKit ~/.julia/packages/PEPSKit/zz9BS/src/algorithms/truncation/fullenv_truncation.jl:277
┌ Warning: FET cancel   50: fid = 9.99997943e-01, Δfid = 1.02917674e-13, |Δs| = 1.160778e-07, time = 0.0617 s
└ @ PEPSKit ~/.julia/packages/PEPSKit/zz9BS/src/algorithms/truncation/fullenv_truncation.jl:277
┌ Warning: FET cancel   50: fid = 9.99999905e-01, Δfid = 8.52651283e-14, |Δs| = 2.047630e-07, time = 0.0584 s
└ @ PEPSKit ~/.julia/packages/PEPSKit/zz9BS/src/algorithms/truncation/fullenv_truncation.jl:277
┌ Warning: FET cancel   50: fid = 9.99999630e-01, Δfid = 7.99360578e-15, |Δs| = 3.789086e-08, time = 0.0756 s
└ @ PEPSKit ~/.julia/packages/PEPSKit/zz9BS/src/algorithms/truncation/fullenv_truncation.jl:277
┌ Warning: FET cancel   50: fid = 9.99999672e-01, Δfid = 4.85278484e-13, |Δs| = 2.559352e-07, time = 0.0518 s
└ @ PEPSKit ~/.julia/packages/PEPSKit/zz9BS/src/algorithms/truncation/fullenv_truncation.jl:277
[ Info: FET conv   50: fid = 9.99999723e-01, Δfid = 3.33066907e-16, |Δs| = 2.011643e-08, time = 0.0695 s
┌ Warning: FET cancel   50: fid = 9.99998781e-01, Δfid = 2.88657986e-15, |Δs| = 3.522005e-08, time = 0.0622 s
└ @ PEPSKit ~/.julia/packages/PEPSKit/zz9BS/src/algorithms/truncation/fullenv_truncation.jl:277
┌ Warning: FET cancel   50: fid = 9.99999978e-01, Δfid = 4.88498131e-15, |Δs| = 3.066784e-09, time = 0.0715 s
└ @ PEPSKit ~/.julia/packages/PEPSKit/zz9BS/src/algorithms/truncation/fullenv_truncation.jl:277
┌ Warning: FET cancel   50: fid = 9.99999701e-01, Δfid = 5.88418203e-15, |Δs| = 3.136782e-08, time = 0.0686 s
└ @ PEPSKit ~/.julia/packages/PEPSKit/zz9BS/src/algorithms/truncation/fullenv_truncation.jl:277
┌ Warning: FET cancel   50: fid = 9.99999863e-01, Δfid = 1.38777878e-14, |Δs| = 7.810710e-08, time = 0.0512 s
└ @ PEPSKit ~/.julia/packages/PEPSKit/zz9BS/src/algorithms/truncation/fullenv_truncation.jl:277
┌ Warning: FET cancel   50: fid = 9.99999725e-01, Δfid = 2.17492691e-13, |Δs| = 6.022429e-08, time = 0.0517 s
└ @ PEPSKit ~/.julia/packages/PEPSKit/zz9BS/src/algorithms/truncation/fullenv_truncation.jl:277
┌ Warning: FET cancel   50: fid = 9.99997488e-01, Δfid = 3.94029254e-12, |Δs| = 9.431757e-07, time = 0.0547 s
└ @ PEPSKit ~/.julia/packages/PEPSKit/zz9BS/src/algorithms/truncation/fullenv_truncation.jl:277
┌ Warning: FET cancel   50: fid = 9.99999820e-01, Δfid = 1.21014310e-14, |Δs| = 5.264368e-08, time = 0.0610 s
└ @ PEPSKit ~/.julia/packages/PEPSKit/zz9BS/src/algorithms/truncation/fullenv_truncation.jl:277
┌ Warning: FET cancel   50: fid = 9.99999584e-01, Δfid = 3.03856940e-12, |Δs| = 5.120559e-07, time = 0.0755 s
└ @ PEPSKit ~/.julia/packages/PEPSKit/zz9BS/src/algorithms/truncation/fullenv_truncation.jl:277
┌ Warning: FET cancel   50: fid = 9.99999663e-01, Δfid = 3.70814490e-14, |Δs| = 4.124139e-09, time = 0.0793 s
└ @ PEPSKit ~/.julia/packages/PEPSKit/zz9BS/src/algorithms/truncation/fullenv_truncation.jl:277
┌ Warning: FET cancel   50: fid = 9.99997723e-01, Δfid = 1.23767663e-12, |Δs| = 2.608154e-07, time = 0.0800 s
└ @ PEPSKit ~/.julia/packages/PEPSKit/zz9BS/src/algorithms/truncation/fullenv_truncation.jl:277
┌ Warning: FET cancel   50: fid = 9.99999921e-01, Δfid = 3.51718654e-13, |Δs| = 4.031765e-07, time = 0.0773 s
└ @ PEPSKit ~/.julia/packages/PEPSKit/zz9BS/src/algorithms/truncation/fullenv_truncation.jl:277
┌ Warning: FET cancel   50: fid = 9.99999578e-01, Δfid = 5.21804822e-15, |Δs| = 3.155244e-08, time = 0.0845 s
└ @ PEPSKit ~/.julia/packages/PEPSKit/zz9BS/src/algorithms/truncation/fullenv_truncation.jl:277
[ Info: FET conv   50: fid = 9.99998583e-01, Δfid = -4.44089210e-16, |Δs| = 1.562918e-08, time = 0.0794 s
┌ Warning: FET cancel   50: fid = 9.99999964e-01, Δfid = 6.51700915e-14, |Δs| = 3.993079e-08, time = 0.0635 s
└ @ PEPSKit ~/.julia/packages/PEPSKit/zz9BS/src/algorithms/truncation/fullenv_truncation.jl:277
┌ Warning: FET cancel   50: fid = 9.99999546e-01, Δfid = 8.48321413e-13, |Δs| = 1.279049e-07, time = 0.0694 s
└ @ PEPSKit ~/.julia/packages/PEPSKit/zz9BS/src/algorithms/truncation/fullenv_truncation.jl:277
┌ Warning: FET cancel   50: fid = 9.99998707e-01, Δfid = 1.78745907e-14, |Δs| = 9.756147e-08, time = 0.0648 s
└ @ PEPSKit ~/.julia/packages/PEPSKit/zz9BS/src/algorithms/truncation/fullenv_truncation.jl:277
┌ Warning: FET cancel   50: fid = 9.99999704e-01, Δfid = 2.25375274e-14, |Δs| = 3.278886e-08, time = 0.0838 s
└ @ PEPSKit ~/.julia/packages/PEPSKit/zz9BS/src/algorithms/truncation/fullenv_truncation.jl:277
┌ Warning: FET cancel   50: fid = 9.99999264e-01, Δfid = 9.88098492e-15, |Δs| = 2.466361e-09, time = 0.0791 s
└ @ PEPSKit ~/.julia/packages/PEPSKit/zz9BS/src/algorithms/truncation/fullenv_truncation.jl:277
┌ Warning: FET cancel   50: fid = 9.99999868e-01, Δfid = 1.14352972e-13, |Δs| = 1.072999e-07, time = 0.0763 s
└ @ PEPSKit ~/.julia/packages/PEPSKit/zz9BS/src/algorithms/truncation/fullenv_truncation.jl:277
┌ Warning: FET cancel   50: fid = 9.99999678e-01, Δfid = 4.30766534e-14, |Δs| = 4.544072e-08, time = 0.0872 s
└ @ PEPSKit ~/.julia/packages/PEPSKit/zz9BS/src/algorithms/truncation/fullenv_truncation.jl:277
[ Info: FET conv   50: fid = 9.99999052e-01, Δfid = -1.44328993e-15, |Δs| = 7.139030e-09, time = 0.0628 s
┌ Warning: FET cancel   50: fid = 9.99998772e-01, Δfid = 4.44089210e-15, |Δs| = 4.045731e-08, time = 1.2793 s
└ @ PEPSKit ~/.julia/packages/PEPSKit/zz9BS/src/algorithms/truncation/fullenv_truncation.jl:277
┌ Warning: FET cancel   50: fid = 9.99999659e-01, Δfid = 6.32827124e-15, |Δs| = 3.800368e-08, time = 0.0853 s
└ @ PEPSKit ~/.julia/packages/PEPSKit/zz9BS/src/algorithms/truncation/fullenv_truncation.jl:277
┌ Warning: FET cancel   50: fid = 9.99998588e-01, Δfid = 4.44089210e-15, |Δs| = 5.735710e-08, time = 0.0598 s
└ @ PEPSKit ~/.julia/packages/PEPSKit/zz9BS/src/algorithms/truncation/fullenv_truncation.jl:277
┌ Warning: FET cancel   50: fid = 9.99999973e-01, Δfid = 5.32907052e-15, |Δs| = 1.895757e-08, time = 0.0712 s
└ @ PEPSKit ~/.julia/packages/PEPSKit/zz9BS/src/algorithms/truncation/fullenv_truncation.jl:277
┌ Warning: FET cancel   50: fid = 9.99999022e-01, Δfid = 1.49880108e-14, |Δs| = 2.651913e-08, time = 0.0789 s
└ @ PEPSKit ~/.julia/packages/PEPSKit/zz9BS/src/algorithms/truncation/fullenv_truncation.jl:277
┌ Warning: FET cancel   50: fid = 9.99999842e-01, Δfid = 4.02899936e-13, |Δs| = 4.194031e-07, time = 0.0867 s
└ @ PEPSKit ~/.julia/packages/PEPSKit/zz9BS/src/algorithms/truncation/fullenv_truncation.jl:277
┌ Warning: FET cancel   50: fid = 9.99999837e-01, Δfid = 1.65756298e-13, |Δs| = 1.379992e-07, time = 0.0921 s
└ @ PEPSKit ~/.julia/packages/PEPSKit/zz9BS/src/algorithms/truncation/fullenv_truncation.jl:277
┌ Warning: FET cancel   50: fid = 9.99999844e-01, Δfid = 1.01030295e-14, |Δs| = 1.302312e-09, time = 0.0893 s
└ @ PEPSKit ~/.julia/packages/PEPSKit/zz9BS/src/algorithms/truncation/fullenv_truncation.jl:277
┌ Warning: FET cancel   50: fid = 9.99999838e-01, Δfid = 3.20854454e-14, |Δs| = 1.340723e-09, time = 0.0905 s
└ @ PEPSKit ~/.julia/packages/PEPSKit/zz9BS/src/algorithms/truncation/fullenv_truncation.jl:277
┌ Warning: FET cancel   50: fid = 9.99999842e-01, Δfid = 9.65894031e-15, |Δs| = 4.862691e-08, time = 0.0736 s
└ @ PEPSKit ~/.julia/packages/PEPSKit/zz9BS/src/algorithms/truncation/fullenv_truncation.jl:277
┌ Warning: FET cancel   50: fid = 9.99999555e-01, Δfid = 5.72875081e-14, |Δs| = 8.317373e-08, time = 0.0753 s
└ @ PEPSKit ~/.julia/packages/PEPSKit/zz9BS/src/algorithms/truncation/fullenv_truncation.jl:277
[ Info: FET conv   50: fid = 9.99999633e-01, Δfid = -1.11022302e-15, |Δs| = 1.887138e-09, time = 0.0633 s
┌ Warning: FET cancel   50: fid = 9.99997418e-01, Δfid = 5.28244115e-13, |Δs| = 3.221657e-07, time = 0.0665 s
└ @ PEPSKit ~/.julia/packages/PEPSKit/zz9BS/src/algorithms/truncation/fullenv_truncation.jl:277
┌ Warning: FET cancel   50: fid = 9.99999890e-01, Δfid = 6.88338275e-15, |Δs| = 3.771247e-08, time = 0.0576 s
└ @ PEPSKit ~/.julia/packages/PEPSKit/zz9BS/src/algorithms/truncation/fullenv_truncation.jl:277
┌ Warning: FET cancel   50: fid = 9.99999591e-01, Δfid = 1.70086167e-13, |Δs| = 1.701316e-07, time = 0.0913 s
└ @ PEPSKit ~/.julia/packages/PEPSKit/zz9BS/src/algorithms/truncation/fullenv_truncation.jl:277
┌ Warning: FET cancel   50: fid = 9.99999956e-01, Δfid = 2.76445533e-14, |Δs| = 5.893492e-08, time = 0.1331 s
└ @ PEPSKit ~/.julia/packages/PEPSKit/zz9BS/src/algorithms/truncation/fullenv_truncation.jl:277
┌ Warning: FET cancel   50: fid = 9.99997983e-01, Δfid = 7.66053887e-15, |Δs| = 7.916868e-08, time = 0.0768 s
└ @ PEPSKit ~/.julia/packages/PEPSKit/zz9BS/src/algorithms/truncation/fullenv_truncation.jl:277
┌ Warning: FET cancel   50: fid = 9.99999865e-01, Δfid = 7.23743288e-12, |Δs| = 7.596897e-07, time = 0.0800 s
└ @ PEPSKit ~/.julia/packages/PEPSKit/zz9BS/src/algorithms/truncation/fullenv_truncation.jl:277
┌ Warning: FET cancel   50: fid = 9.99999637e-01, Δfid = 6.77236045e-15, |Δs| = 1.091579e-08, time = 0.0753 s
└ @ PEPSKit ~/.julia/packages/PEPSKit/zz9BS/src/algorithms/truncation/fullenv_truncation.jl:277
┌ Warning: FET cancel   50: fid = 9.99999064e-01, Δfid = 6.32827124e-15, |Δs| = 4.759771e-08, time = 0.0716 s
└ @ PEPSKit ~/.julia/packages/PEPSKit/zz9BS/src/algorithms/truncation/fullenv_truncation.jl:277
┌ Warning: FET cancel   50: fid = 9.99999914e-01, Δfid = 3.27171623e-12, |Δs| = 1.049484e-06, time = 0.0712 s
└ @ PEPSKit ~/.julia/packages/PEPSKit/zz9BS/src/algorithms/truncation/fullenv_truncation.jl:277
[ Info: FET conv   50: fid = 9.99997072e-01, Δfid = -1.55431223e-15, |Δs| = 1.190600e-08, time = 0.0630 s
┌ Warning: FET cancel   50: fid = 9.99999851e-01, Δfid = 9.88098492e-15, |Δs| = 3.022229e-09, time = 0.0598 s
└ @ PEPSKit ~/.julia/packages/PEPSKit/zz9BS/src/algorithms/truncation/fullenv_truncation.jl:277
┌ Warning: FET cancel   50: fid = 9.99997686e-01, Δfid = 7.92033106e-13, |Δs| = 3.596144e-07, time = 0.0629 s
└ @ PEPSKit ~/.julia/packages/PEPSKit/zz9BS/src/algorithms/truncation/fullenv_truncation.jl:277
┌ Warning: FET cancel   50: fid = 9.99999924e-01, Δfid = 2.33035813e-12, |Δs| = 9.090954e-07, time = 0.0861 s
└ @ PEPSKit ~/.julia/packages/PEPSKit/zz9BS/src/algorithms/truncation/fullenv_truncation.jl:277
┌ Warning: FET cancel   50: fid = 9.99998447e-01, Δfid = 1.39888101e-14, |Δs| = 8.961438e-08, time = 0.0824 s
└ @ PEPSKit ~/.julia/packages/PEPSKit/zz9BS/src/algorithms/truncation/fullenv_truncation.jl:277
┌ Warning: FET cancel   50: fid = 9.99999719e-01, Δfid = 3.48610030e-14, |Δs| = 6.359894e-08, time = 0.1045 s
└ @ PEPSKit ~/.julia/packages/PEPSKit/zz9BS/src/algorithms/truncation/fullenv_truncation.jl:277
┌ Warning: FET cancel   50: fid = 9.99998457e-01, Δfid = 7.88258347e-15, |Δs| = 6.236364e-08, time = 0.0680 s
└ @ PEPSKit ~/.julia/packages/PEPSKit/zz9BS/src/algorithms/truncation/fullenv_truncation.jl:277
┌ Warning: FET cancel   50: fid = 9.99999966e-01, Δfid = 1.06581410e-14, |Δs| = 1.719811e-08, time = 0.0914 s
└ @ PEPSKit ~/.julia/packages/PEPSKit/zz9BS/src/algorithms/truncation/fullenv_truncation.jl:277
┌ Warning: FET cancel   50: fid = 9.99999771e-01, Δfid = 7.32747196e-15, |Δs| = 2.854789e-08, time = 0.0855 s
└ @ PEPSKit ~/.julia/packages/PEPSKit/zz9BS/src/algorithms/truncation/fullenv_truncation.jl:277
[ Info: FET conv   50: fid = 9.99999743e-01, Δfid = 9.99200722e-16, |Δs| = 1.108223e-10, time = 0.0883 s
┌ Warning: FET cancel   50: fid = 9.99997453e-01, Δfid = 5.12145881e-13, |Δs| = 2.737320e-07, time = 0.0657 s
└ @ PEPSKit ~/.julia/packages/PEPSKit/zz9BS/src/algorithms/truncation/fullenv_truncation.jl:277
[ Info: FET conv   50: fid = 9.99999898e-01, Δfid = 4.44089210e-16, |Δs| = 1.653541e-08, time = 0.0841 s
