RSS at start = 1088.1 MB ; total mem = 772425.8 MB

===== dt = 0.010 (D = 3) =====
t     n_native   n_ED     
0.2   0.480265   -        
0.4   0.424177   -        
0.6   0.340594   -        
0.8   0.242728   -        
1.0   0.148686   0.15298  
1.2   0.087001   0.09521  
1.4   0.082046   0.08779  
1.6   0.133203   0.10056  
1.8   0.314443   0.15558  
2.0   0.315302   0.24370  
2.2   0.330194   0.33735  
2.4   0.342869   0.41600  
2.6   0.348726   0.46696  
2.8   0.327113   0.48306  

===== dt = 0.020 (D = 3) =====
t     n_native   n_ED     
0.2   0.480265   -        
0.4   0.424177   -        
0.6   0.340599   -        
0.8   0.243286   -        
1.0   0.152935   0.15298  
1.2   0.096242   0.09521  
1.4   0.094060   0.08779  
1.6   0.146146   0.10056  
1.8   0.233627   0.15558  
2.0   0.327456   0.24370  
2.2   0.407385   0.33735  
2.4   0.460774   0.41600  
2.6   0.476648   0.46696  
2.8   0.446957   0.48306  

===== PER-TIME TABLE (rise focus t in [1.6,2.6]) =====
t     n_dt001      n_dt002      n_ED       dt_drift    
1.0   0.148686     0.152935     0.15298    4.2483e-03  
1.2   0.087001     0.096242     0.09521    9.2408e-03  
1.4   0.082046     0.094060     0.08779    1.2013e-02  
1.6   0.133203     0.146146     0.10056    1.2943e-02  
1.8   0.314443     0.233627     0.15558    -8.0816e-02 
2.0   0.315302     0.327456     0.24370    1.2154e-02  
2.2   0.330194     0.407385     0.33735    7.7191e-02  
2.4   0.342869     0.460774     0.41600    1.1790e-01  
2.6   0.348726     0.476648     0.46696    1.2792e-01  
2.8   0.327113     0.446957     0.48306    1.1984e-01  

===== TROTTER-ATTRIBUTION =====
RMS_dt001 (vs ED)        = 8.6745e-02
RMS_dt002 (vs ED)        = 4.8509e-02
|RMS_dt002 - RMS_dt001|  = 3.8236e-02
max rise dt_drift |t in [1.6,2.6]| = 1.2792e-01
lag scale (state-doc)    ~ 1e-2
VERDICT: discrepancy is dt-SENSITIVE (drift ~ lag) -> Trotter contamination ->
         DEFER exact-cluster pending a dt-converged baseline.
RSS peak = 4137.2 MB
DONE
